License checkout took 0.028 sec
License checkout took 0.016 sec
Momentum MomEngine_64 2025.00.341 (*) built: Aug 19 2024
Copyright  1992 - 2024 Keysight Technologies
Simulation started on: Wed Aug  5 18:43:29 2026
Simulation Mode: RF
Substrate valid
Using the minimal snap distance of 0.004 mil
(4 layout resolution points) for layout healing.

--- WARNING -------------------------------------------------------------------

Layout healing changed the layout. The actual
highest aggregate snap distance was 0.001 mil.
Further details have been written to the DRC
report.

-------------------------------------------------------------------------------
Layout simplification started
.........|.........|.........|.........| 
Layout simplification finished
Generating mesh at 11 GHz...
S-parameter simulation
S-parameter simulation started
...initializing
...extracting layout

--- WARNING -------------------------------------------------------------------

Layout is electrically large above 1.75 GHz (space wave radiation)

-------------------------------------------------------------------------------

--- WARNING -------------------------------------------------------------------

Substrate is electrically large above 26.7 GHz (surface wave radiation)
RF simulation can be less accurate as it ignores radiation
Consider:  - lowering the maximum frequency
           - simulating in MW mode

-------------------------------------------------------------------------------
...reducing mesh
Automatic selection: direct dense matrix solver
Using multi-threading (12 threads)
Matrix size: 1587 (reduced: 1005)
Simulation temperature: 298.15 K
Frequency sweep started
Simulation frequency [1] = 10 GHz
...loading Green functions
...creating Basis sections
...allocating interaction matrix
...loading quasi-static matrix
.........|.........|.........|.........| 
...solving interaction matrix
.........|.........|.........|.........| 
...calculating S-parameters
Simulation frequency [2] = 10.01 GHz
...solving interaction matrix
.........|.........|.........|.........| 
...calculating S-parameters
Simulation frequency [3] = 10.02 GHz
...solving interaction matrix
.........|.........|.........|.........| 
...calculating S-parameters
Simulation frequency [4] = 10.03 GHz
...solving interaction matrix
.........|.........|.........|.........| 
...calculating S-parameters
Simulation frequency [5] = 10.04 GHz
...solving interaction matrix
.........|.........|.........|.........| 
...calculating S-parameters
Simulation frequency [6] = 10.05 GHz
...solving interaction matrix
.........|.........|.........|.........| 
...calculating S-parameters
Simulation frequency [7] = 10.06 GHz
...solving interaction matrix
.........|.........|.........|.........| 
...calculating S-parameters
Simulation frequency [8] = 10.07 GHz
...solving interaction matrix
.........|.........|.........|.........| 
...calculating S-parameters
Simulation frequency [9] = 10.08 GHz
...solving interaction matrix
.........|.........|.........|.........| 
...calculating S-parameters
Simulation frequency [10] = 10.09 GHz
...solving interaction matrix
.........|.........|.........|.........| 
...calculating S-parameters
Simulation frequency [11] = 10.1 GHz
...solving interaction matrix
.........|.........|.........|.........| 
...calculating S-parameters
Simulation frequency [12] = 10.11 GHz
...solving interaction matrix
.........|.........|.........|.........| 
...calculating S-parameters
Simulation frequency [13] = 10.12 GHz
...solving interaction matrix
.........|.........|.........|.........| 
...calculating S-parameters
Simulation frequency [14] = 10.13 GHz
...solving interaction matrix
.........|.........|.........|.........| 
...calculating S-parameters
Simulation frequency [15] = 10.14 GHz
...solving interaction matrix
.........|.........|.........|.........| 
...calculating S-parameters
Simulation frequency [16] = 10.15 GHz
...solving interaction matrix
.........|.........|.........|.........| 
...calculating S-parameters
Simulation frequency [17] = 10.16 GHz
...solving interaction matrix
.........|.........|.........|.........| 
...calculating S-parameters
Simulation frequency [18] = 10.17 GHz
...solving interaction matrix
.........|.........|.........|.........| 
...calculating S-parameters
Simulation frequency [19] = 10.18 GHz
...solving interaction matrix
.........|.........|.........|.........| 
...calculating S-parameters
Simulation frequency [20] = 10.19 GHz
...solving interaction matrix
.........|.........|.........|.........| 
...calculating S-parameters
Simulation frequency [21] = 10.2 GHz
...solving interaction matrix
.........|.........|.........|.........| 
...calculating S-parameters
Simulation frequency [22] = 10.21 GHz
...solving interaction matrix
.........|.........|.........|.........| 
...calculating S-parameters
Simulation frequency [23] = 10.22 GHz
...solving interaction matrix
.........|.........|.........|.........| 
...calculating S-parameters
Simulation frequency [24] = 10.23 GHz
...solving interaction matrix
.........|.........|.........|.........| 
...calculating S-parameters
Simulation frequency [25] = 10.24 GHz
...solving interaction matrix
.........|.........|.........|.........| 
...calculating S-parameters
Simulation frequency [26] = 10.25 GHz
...solving interaction matrix
.........|.........|.........|.........| 
...calculating S-parameters
Simulation frequency [27] = 10.26 GHz
...solving interaction matrix
.........|.........|.........|.........| 
...calculating S-parameters
Simulation frequency [28] = 10.27 GHz
...solving interaction matrix
.........|.........|.........|.........| 
...calculating S-parameters
Simulation frequency [29] = 10.28 GHz
...solving interaction matrix
.........|.........|.........|.........| 
...calculating S-parameters
Simulation frequency [30] = 10.29 GHz
...solving interaction matrix
.........|.........|.........|.........| 
...calculating S-parameters
Simulation frequency [31] = 10.3 GHz
...solving interaction matrix
.........|.........|.........|.........| 
...calculating S-parameters
Simulation frequency [32] = 10.31 GHz
...solving interaction matrix
.........|.........|.........|.........| 
...calculating S-parameters
Simulation frequency [33] = 10.32 GHz
...solving interaction matrix
.........|.........|.........|.........| 
...calculating S-parameters
Simulation frequency [34] = 10.33 GHz
...solving interaction matrix
.........|.........|.........|.........| 
...calculating S-parameters
Simulation frequency [35] = 10.34 GHz
...solving interaction matrix
.........|.........|.........|.........| 
...calculating S-parameters
Simulation frequency [36] = 10.35 GHz
...solving interaction matrix
.........|.........|.........|.........| 
...calculating S-parameters
Simulation frequency [37] = 10.36 GHz
...solving interaction matrix
.........|.........|.........|.........| 
...calculating S-parameters
Simulation frequency [38] = 10.37 GHz
...solving interaction matrix
.........|.........|.........|.........| 
...calculating S-parameters
Simulation frequency [39] = 10.38 GHz
...solving interaction matrix
.........|.........|.........|.........| 
...calculating S-parameters
Simulation frequency [40] = 10.39 GHz
...solving interaction matrix
.........|.........|.........|.........| 
...calculating S-parameters
Simulation frequency [41] = 10.4 GHz
...solving interaction matrix
.........|.........|.........|.........| 
...calculating S-parameters
Simulation frequency [42] = 10.41 GHz
...solving interaction matrix
.........|.........|.........|.........| 
...calculating S-parameters
Simulation frequency [43] = 10.42 GHz
...solving interaction matrix
.........|.........|.........|.........| 
...calculating S-parameters
Simulation frequency [44] = 10.43 GHz
...solving interaction matrix
.........|.........|.........|.........| 
...calculating S-parameters
Simulation frequency [45] = 10.44 GHz
...solving interaction matrix
.........|.........|.........|.........| 
...calculating S-parameters
Simulation frequency [46] = 10.45 GHz
...solving interaction matrix
.........|.........|.........|.........| 
...calculating S-parameters
Simulation frequency [47] = 10.46 GHz
...solving interaction matrix
.........|.........|.........|.........| 
...calculating S-parameters
Simulation frequency [48] = 10.47 GHz
...solving interaction matrix
.........|.........|.........|.........| 
...calculating S-parameters
Simulation frequency [49] = 10.48 GHz
...solving interaction matrix
.........|.........|.........|.........| 
...calculating S-parameters
Simulation frequency [50] = 10.49 GHz
...solving interaction matrix
.........|.........|.........|.........| 
...calculating S-parameters
Simulation frequency [51] = 10.5 GHz
...solving interaction matrix
.........|.........|.........|.........| 
...calculating S-parameters
Simulation frequency [52] = 10.51 GHz
...solving interaction matrix
.........|.........|.........|.........| 
...calculating S-parameters
Simulation frequency [53] = 10.52 GHz
...solving interaction matrix
.........|.........|.........|.........| 
...calculating S-parameters
Simulation frequency [54] = 10.53 GHz
...solving interaction matrix
.........|.........|.........|.........| 
...calculating S-parameters
Simulation frequency [55] = 10.54 GHz
...solving interaction matrix
.........|.........|.........|.........| 
...calculating S-parameters
Simulation frequency [56] = 10.55 GHz
...solving interaction matrix
.........|.........|.........|.........| 
...calculating S-parameters
Simulation frequency [57] = 10.56 GHz
...solving interaction matrix
.........|.........|.........|.........| 
...calculating S-parameters
Simulation frequency [58] = 10.57 GHz
...solving interaction matrix
.........|.........|.........|.........| 
...calculating S-parameters
Simulation frequency [59] = 10.58 GHz
...solving interaction matrix
.........|.........|.........|.........| 
...calculating S-parameters
Simulation frequency [60] = 10.59 GHz
...solving interaction matrix
.........|.........|.........|.........| 
...calculating S-parameters
Simulation frequency [61] = 10.6 GHz
...solving interaction matrix
.........|.........|.........|.........| 
...calculating S-parameters
Simulation frequency [62] = 10.61 GHz
...solving interaction matrix
.........|.........|.........|.........| 
...calculating S-parameters
Simulation frequency [63] = 10.62 GHz
...solving interaction matrix
.........|.........|.........|.........| 
...calculating S-parameters
Simulation frequency [64] = 10.63 GHz
...solving interaction matrix
.........|.........|.........|.........| 
...calculating S-parameters
Simulation frequency [65] = 10.64 GHz
...solving interaction matrix
.........|.........|.........|.........| 
...calculating S-parameters
Simulation frequency [66] = 10.65 GHz
...solving interaction matrix
.........|.........|.........|.........| 
...calculating S-parameters
Simulation frequency [67] = 10.66 GHz
...solving interaction matrix
.........|.........|.........|.........| 
...calculating S-parameters
Simulation frequency [68] = 10.67 GHz
...solving interaction matrix
.........|.........|.........|.........| 
...calculating S-parameters
Simulation frequency [69] = 10.68 GHz
...solving interaction matrix
.........|.........|.........|.........| 
...calculating S-parameters
Simulation frequency [70] = 10.69 GHz
...solving interaction matrix
.........|.........|.........|.........| 
...calculating S-parameters
Simulation frequency [71] = 10.7 GHz
...solving interaction matrix
.........|.........|.........|.........| 
...calculating S-parameters
Simulation frequency [72] = 10.71 GHz
...solving interaction matrix
.........|.........|.........|.........| 
...calculating S-parameters
Simulation frequency [73] = 10.72 GHz
...solving interaction matrix
.........|.........|.........|.........| 
...calculating S-parameters
Simulation frequency [74] = 10.73 GHz
...solving interaction matrix
.........|.........|.........|.........| 
...calculating S-parameters
Simulation frequency [75] = 10.74 GHz
...solving interaction matrix
.........|.........|.........|.........| 
...calculating S-parameters
Simulation frequency [76] = 10.75 GHz
...solving interaction matrix
.........|.........|.........|.........| 
...calculating S-parameters
Simulation frequency [77] = 10.76 GHz
...solving interaction matrix
.........|.........|.........|.........| 
...calculating S-parameters
Simulation frequency [78] = 10.77 GHz
...solving interaction matrix
.........|.........|.........|.........| 
...calculating S-parameters
Simulation frequency [79] = 10.78 GHz
...solving interaction matrix
.........|.........|.........|.........| 
...calculating S-parameters
Simulation frequency [80] = 10.79 GHz
...solving interaction matrix
.........|.........|.........|.........| 
...calculating S-parameters
Simulation frequency [81] = 10.8 GHz
...solving interaction matrix
.........|.........|.........|.........| 
...calculating S-parameters
Simulation frequency [82] = 10.81 GHz
...solving interaction matrix
.........|.........|.........|.........| 
...calculating S-parameters
Simulation frequency [83] = 10.82 GHz
...solving interaction matrix
.........|.........|.........|.........| 
...calculating S-parameters
Simulation frequency [84] = 10.83 GHz
...solving interaction matrix
.........|.........|.........|.........| 
...calculating S-parameters
Simulation frequency [85] = 10.84 GHz
...solving interaction matrix
.........|.........|.........|.........| 
...calculating S-parameters
Simulation frequency [86] = 10.85 GHz
...solving interaction matrix
.........|.........|.........|.........| 
...calculating S-parameters
Simulation frequency [87] = 10.86 GHz
...solving interaction matrix
.........|.........|.........|.........| 
...calculating S-parameters
Simulation frequency [88] = 10.87 GHz
...solving interaction matrix
.........|.........|.........|.........| 
...calculating S-parameters
Simulation frequency [89] = 10.88 GHz
...solving interaction matrix
.........|.........|.........|.........| 
...calculating S-parameters
Simulation frequency [90] = 10.89 GHz
...solving interaction matrix
.........|.........|.........|.........| 
...calculating S-parameters
Simulation frequency [91] = 10.9 GHz
...solving interaction matrix
.........|.........|.........|.........| 
...calculating S-parameters
Simulation frequency [92] = 10.91 GHz
...solving interaction matrix
.........|.........|.........|.........| 
...calculating S-parameters
Simulation frequency [93] = 10.92 GHz
...solving interaction matrix
.........|.........|.........|.........| 
...calculating S-parameters
Simulation frequency [94] = 10.93 GHz
...solving interaction matrix
.........|.........|.........|.........| 
...calculating S-parameters
Simulation frequency [95] = 10.94 GHz
...solving interaction matrix
.........|.........|.........|.........| 
...calculating S-parameters
Simulation frequency [96] = 10.95 GHz
...solving interaction matrix
.........|.........|.........|.........| 
...calculating S-parameters
Simulation frequency [97] = 10.96 GHz
...solving interaction matrix
.........|.........|.........|.........| 
...calculating S-parameters
Simulation frequency [98] = 10.97 GHz
...solving interaction matrix
.........|.........|.........|.........| 
...calculating S-parameters
Simulation frequency [99] = 10.98 GHz
...solving interaction matrix
.........|.........|.........|.........| 
...calculating S-parameters
Simulation frequency [100] = 10.99 GHz
...solving interaction matrix
.........|.........|.........|.........| 
...calculating S-parameters
Simulation frequency [101] = 11 GHz
...solving interaction matrix
.........|.........|.........|.........| 
...calculating S-parameters
S-parameter simulation finished
Simulation finished on: Wed Aug  5 18:44:13 2026
The simulation results have been saved in dataset "cell_2_MomRF".
