<?xml version="1.0" encoding="UTF-8"?>
<port_setup version="1.1">
  <port_list>
    <port id="1">
      <name>P1</name>
      <plus_pin>P1</plus_pin>
      <impedance>
        <real>50</real>
        <imag>0</imag>
      </impedance>
    </port>
    <port id="2">
      <name>P2</name>
      <plus_pin>P2</plus_pin>
      <impedance>
        <real>50</real>
        <imag>0</imag>
      </impedance>
    </port>
    <port id="3">
      <name>P3</name>
      <plus_pin>P3</plus_pin>
      <impedance>
        <real>50</real>
        <imag>0</imag>
      </impedance>
    </port>
    <port id="4">
      <name>P4</name>
      <plus_pin>P4</plus_pin>
      <impedance>
        <real>50</real>
        <imag>0</imag>
      </impedance>
    </port>
    <port id="5">
      <name>P5</name>
      <plus_pin>P5</plus_pin>
      <impedance>
        <real>50</real>
        <imag>0</imag>
      </impedance>
    </port>
    <port id="6">
      <name>P6</name>
      <plus_pin>P6</plus_pin>
      <impedance>
        <real>50</real>
        <imag>0</imag>
      </impedance>
    </port>
    <port id="7">
      <name>P7</name>
      <plus_pin>P7</plus_pin>
      <impedance>
        <real>50</real>
        <imag>0</imag>
      </impedance>
    </port>
    <port id="8">
      <name>P8</name>
      <plus_pin>P8</plus_pin>
      <impedance>
        <real>50</real>
        <imag>0</imag>
      </impedance>
    </port>
    <port id="9">
      <name>P9</name>
      <plus_pin>P9</plus_pin>
      <impedance>
        <real>50</real>
        <imag>0</imag>
      </impedance>
    </port>
    <port id="10">
      <name>P10</name>
      <plus_pin>P10</plus_pin>
      <minus_pin>P11</minus_pin>
      <impedance>
        <real>100</real>
        <imag>0</imag>
      </impedance>
    </port>
    <port id="11">
      <name>P12</name>
      <plus_pin>P12</plus_pin>
      <minus_pin>P13</minus_pin>
      <impedance>
        <real>100</real>
        <imag>0</imag>
      </impedance>
    </port>
    <port id="12">
      <name>P14</name>
      <plus_pin>P14</plus_pin>
      <minus_pin>P15</minus_pin>
      <impedance>
        <real>100</real>
        <imag>0</imag>
      </impedance>
    </port>
    <port id="13">
      <name>P16</name>
      <plus_pin>P16</plus_pin>
      <minus_pin>P17</minus_pin>
      <impedance>
        <real>100</real>
        <imag>0</imag>
      </impedance>
    </port>
    <port id="14">
      <name>P18</name>
      <plus_pin>P18</plus_pin>
      <minus_pin>P19</minus_pin>
      <impedance>
        <real>100</real>
        <imag>0</imag>
      </impedance>
    </port>
    <port id="15">
      <name>P20</name>
      <plus_pin>P20</plus_pin>
      <minus_pin>P21</minus_pin>
      <impedance>
        <real>100</real>
        <imag>0</imag>
      </impedance>
    </port>
    <port id="16">
      <name>P22</name>
      <plus_pin>P22</plus_pin>
      <minus_pin>P23</minus_pin>
      <impedance>
        <real>100</real>
        <imag>0</imag>
      </impedance>
    </port>
  </port_list>
</port_setup>
